// Jest Snapshot v1, https://goo.gl/fbAQLP

exports[`should render Notify correctly 1`] = `
<div
  class="van-popup van-popup--top van-notify van-notify--danger van-popup-slide-top-enter-active van-popup-slide-top-enter-from"
  style="z-index: 2001; transition-duration: 0.2s;"
>
  
  test
  
  <!---->
</div>
`;
